// Jest Snapshot v1, https://goo.gl/fbAQLP

exports[`First snapshot test 1`] = `
Array [
  <div
    className="App"
  >
    <div>
      <div
        className="sidenav"
      >
        <a
          href="/service"
          onClick={[Function]}
        >
          Show List
        </a>
      </div>
    </div>
    <div>
      Home Page
    </div>
  </div>,
  <div
    className="footer"
  >
    <p>
      All Copyrights Reserved
    </p>
  </div>,
]
`;
